11:37:23 **** Incremental Build of configuration Debug for project Led_Animation ****
make -j12 all 
arm-none-eabi-gcc "../Core/Src/main.c" -mcpu=cortex-m3 -std=gnu11 -g3 -DDEBUG -DUSE_HAL_DRIVER -DSTM32F103x6 -c -I../Core/Inc -I../Drivers/STM32F1xx_HAL_Driver/Inc -I../Drivers/STM32F1xx_HAL_Driver/Inc/Legacy -I../Drivers/CMSIS/Device/ST/STM32F1xx/Include -I../Drivers/CMSIS/Include -O0 -ffunction-sections -fdata-sections -Wall -fstack-usage -MMD -MP -MF"Core/Src/main.d" -MT"Core/Src/main.o" --specs=nano.specs -mfloat-abi=soft -mthumb -o "Core/Src/main.o"
arm-none-eabi-gcc -o "Led_Animation.elf" @"objects.list"   -mcpu=cortex-m3 -T"C:\Projects\LED_BLINK\STM32F103C6UX_FLASH.ld" --specs=nosys.specs -Wl,-Map="Led_Animation.map" -Wl,--gc-sections -static --specs=nano.specs -mfloat-abi=soft -mthumb -Wl,--start-group -lc -lm -Wl,--end-group
Finished building target: Led_Animation.elf
 
arm-none-eabi-size   Led_Animation.elf 
arm-none-eabi-objdump -h -S  Led_Animation.elf  > "Led_Animation.list"
arm-none-eabi-objcopy  -O ihex  Led_Animation.elf  "Led_Animation.hex"
arm-none-eabi-objcopy  -O binary  Led_Animation.elf  "Led_Animation.bin"
   text	   data	    bss	    dec	    hex	filename
   4564	     20	   1572	   6156	   180c	Led_Animation.elf
Finished building: default.size.stdout
 
Finished building: Led_Animation.hex
Finished building: Led_Animation.bin
 
Finished building: Led_Animation.list
 
 

11:37:24 Build Finished. 0 errors, 0 warnings. (took 950ms)

